2026-09-13T09:51:40.032+0300 [MESSAGE] 

processing file: analysis.Rmd
 
1/14                        
2/14 [libraries]            
3/14                        
4/14 [setup]                
5/14                        
6/14 [PCA]                  
7/14                        
8/14 [RQ1.models]           
9/14                        
10/14 [RQ2.models]           
11/14                        
12/14 [RQ3.models]           
13/14                        
14/14 [save-analysis-objects]
2026-09-13T10:18:22.294+0300 [MESSAGE] output file: analysis.knit.md

 
/opt/homebrew/bin/pandoc +RTS -K512m -RTS analysis.knit.md --to html4 --from markdown+autolink_bare_uris+tex_math_single_backslash --output ./statistical_analyses/runs/.incomplete/20260913T065136Z_b7193eb1/reports/analysis.html --lua-filter /Library/Frameworks/R.framework/Versions/4.5-arm64/Resources/library/rmarkdown/rmarkdown/lua/pagebreak.lua --lua-filter /Library/Frameworks/R.framework/Versions/4.5-arm64/Resources/library/rmarkdown/rmarkdown/lua/latex-div.lua --lua-filter /Library/Frameworks/R.framework/Versions/4.5-arm64/Resources/library/rmarkdown/rmarkdown/lua/table-classes.lua --embed-resources --standalone --variable bs3=TRUE --section-divs --template /Library/Frameworks/R.framework/Versions/4.5-arm64/Resources/library/rmarkdown/rmd/h/default.html --no-highlight --variable highlightjs=1 --variable theme=bootstrap --mathjax --variable 'mathjax-url=https://mathjax.rstudio.com/latest/MathJax.js?config=TeX-AMS-MML_HTMLorMML' --include-in-header /var/folders/jm/v_rkh0d91x75sh_8gstyy1gh0000gn/T//Rtmp3urCxR/rmarkdown-str17ee356042566.html
2026-09-13T10:18:23.139+0300 [MESSAGE] 
Output created: runs/.incomplete/20260913T065136Z_b7193eb1/reports/analysis.html
 
2026-09-13T10:18:23.140+0300 [INFO] Finished step 'Render main analysis' in 26.72 minutes (calculated) 
